PHPUnit 10.5.11 by Sebastian Bergmann and contributors.

Runtime:       PHP 8.2.12
Configuration: C:\Projects\laravel\recruitments\phpunit.xml

....FFEE                                                            8 / 8 (100%)

Time: 00:01.022, Memory: 46.00 MB

There were 2 errors:

1) Tests\Feature\PtkformtransactionTest::test_user_can_submit_lamaran_with_null_scores_handled
Illuminate\Database\Eloquent\MassAssignmentException: Add [title] to fillable property to allow mass assignment on [App\Models\Ptkform].

C:\Projects\laravel\recruitments\vendor\laravel\framework\src\Illuminate\Database\Eloquent\Model.php:524
C:\Projects\laravel\recruitments\vendor\laravel\framework\src\Illuminate\Database\Eloquent\Model.php:613
C:\Projects\laravel\recruitments\vendor\laravel\framework\src\Illuminate\Database\Eloquent\Builder.php:1538
C:\Projects\laravel\recruitments\vendor\laravel\framework\src\Illuminate\Database\Eloquent\Builder.php:1023
C:\Projects\laravel\recruitments\vendor\laravel\framework\src\Illuminate\Support\Traits\ForwardsCalls.php:23
C:\Projects\laravel\recruitments\vendor\laravel\framework\src\Illuminate\Database\Eloquent\Model.php:2334
C:\Projects\laravel\recruitments\vendor\laravel\framework\src\Illuminate\Database\Eloquent\Model.php:2346
C:\Projects\laravel\recruitments\tests\Feature\PtkformtransactionTest.php:21
C:\Projects\laravel\recruitments\vendor\laravel\framework\src\Illuminate\Foundation\Testing\TestCase.php:61

2) Tests\Feature\PtkformtransactionTest::test_admin_can_delete_lamaran
Illuminate\Database\Eloquent\MassAssignmentException: Add [title] to fillable property to allow mass assignment on [App\Models\Ptkform].

C:\Projects\laravel\recruitments\vendor\laravel\framework\src\Illuminate\Database\Eloquent\Model.php:524
C:\Projects\laravel\recruitments\vendor\laravel\framework\src\Illuminate\Database\Eloquent\Model.php:613
C:\Projects\laravel\recruitments\vendor\laravel\framework\src\Illuminate\Database\Eloquent\Builder.php:1538
C:\Projects\laravel\recruitments\vendor\laravel\framework\src\Illuminate\Database\Eloquent\Builder.php:1023
C:\Projects\laravel\recruitments\vendor\laravel\framework\src\Illuminate\Support\Traits\ForwardsCalls.php:23
C:\Projects\laravel\recruitments\vendor\laravel\framework\src\Illuminate\Database\Eloquent\Model.php:2334
C:\Projects\laravel\recruitments\vendor\laravel\framework\src\Illuminate\Database\Eloquent\Model.php:2346
C:\Projects\laravel\recruitments\tests\Feature\PtkformtransactionTest.php:51
C:\Projects\laravel\recruitments\vendor\laravel\framework\src\Illuminate\Foundation\Testing\TestCase.php:61

--

There were 2 failures:

1) Tests\Feature\DatadiriTest::test_ekspektasi_gaji_cleans_currency_format_before_save
Expected response status code [201, 301, 302, 303, 307, 308] but received 404.
Failed asserting that false is true.

C:\Projects\laravel\recruitments\vendor\laravel\framework\src\Illuminate\Testing\TestResponse.php:173
C:\Projects\laravel\recruitments\tests\Feature\DatadiriTest.php:45
C:\Projects\laravel\recruitments\vendor\laravel\framework\src\Illuminate\Foundation\Testing\TestCase.php:61

2) Tests\Feature\ExampleTest::test_the_application_returns_a_successful_response
Expected response status code [200] but received 500.
Failed asserting that 500 is identical to 200.

The following exception occurred during the last request:

PDOException: SQLSTATE[HY000]: General error: 1 no such table: ptkforms in C:\Projects\laravel\recruitments\vendor\laravel\framework\src\Illuminate\Database\Connection.php:423
Stack trace:
#0 C:\Projects\laravel\recruitments\vendor\laravel\framework\src\Illuminate\Database\Connection.php(423): PDO->prepare('select * from "...')
#1 C:\Projects\laravel\recruitments\vendor\laravel\framework\src\Illuminate\Database\Connection.php(816): Illuminate\Database\Connection->Illuminate\Database\{closure}('select * from "...', Array)
#2 C:\Projects\laravel\recruitments\vendor\laravel\framework\src\Illuminate\Database\Connection.php(783): Illuminate\Database\Connection->runQueryCallback('select * from "...', Array, Object(Closure))
#3 C:\Projects\laravel\recruitments\vendor\laravel\framework\src\Illuminate\Database\Connection.php(414): Illuminate\Database\Connection->run('select * from "...', Array, Object(Closure))
#4 C:\Projects\laravel\recruitments\vendor\laravel\framework\src\Illuminate\Database\Query\Builder.php(2751): Illuminate\Database\Connection->select('select * from "...', Array, true)
#5 C:\Projects\laravel\recruitments\vendor\laravel\framework\src\Illuminate\Database\Query\Builder.php(2740): Illuminate\Database\Query\Builder->runSelect()
#6 C:\Projects\laravel\recruitments\vendor\laravel\framework\src\Illuminate\Database\Query\Builder.php(3294): Illuminate\Database\Query\Builder->Illuminate\Database\Query\{closure}()
#7 C:\Projects\laravel\recruitments\vendor\laravel\framework\src\Illuminate\Database\Query\Builder.php(2739): Illuminate\Database\Query\Builder->onceWithColumns(Array, Object(Closure))
#8 C:\Projects\laravel\recruitments\vendor\laravel\framework\src\Illuminate\Database\Eloquent\Builder.php(738): Illuminate\Database\Query\Builder->get(Array)
#9 C:\Projects\laravel\recruitments\vendor\laravel\framework\src\Illuminate\Database\Eloquent\Builder.php(722): Illuminate\Database\Eloquent\Builder->getModels(Array)
#10 C:\Projects\laravel\recruitments\app\Http\Controllers\MainController.php(26): Illuminate\Database\Eloquent\Builder->get()
#11 C:\Projects\laravel\recruitments\vendor\laravel\framework\src\Illuminate\Routing\Controller.php(54): App\Http\Controllers\MainController->index()
#12 C:\Projects\laravel\recruitments\vendor\laravel\framework\src\Illuminate\Routing\ControllerDispatcher.php(43): Illuminate\Routing\Controller->callAction('index', Array)
#13 C:\Projects\laravel\recruitments\vendor\laravel\framework\src\Illuminate\Routing\Route.php(259): Illuminate\Routing\ControllerDispatcher->dispatch(Object(Illuminate\Routing\Route), Object(App\Http\Controllers\MainController), 'index')
#14 C:\Projects\laravel\recruitments\vendor\laravel\framework\src\Illuminate\Routing\Route.php(205): Illuminate\Routing\Route->runController()
#15 C:\Projects\laravel\recruitments\vendor\laravel\framework\src\Illuminate\Routing\Router.php(806): Illuminate\Routing\Route->run()
#16 C:\Projects\laravel\recruitments\vendor\laravel\framework\src\Illuminate\Pipeline\Pipeline.php(144): Illuminate\Routing\Router->Illuminate\Routing\{closure}(Object(Illuminate\Http\Request))
#17 C:\Projects\laravel\recruitments\vendor\laravel\framework\src\Illuminate\Routing\Middleware\SubstituteBindings.php(50): Illuminate\Pipeline\Pipeline->Illuminate\Pipeline\{closure}(Object(Illuminate\Http\Request))
#18 C:\Projects\laravel\recruitments\vendor\laravel\framework\src\Illuminate\Pipeline\Pipeline.php(183): Illuminate\Routing\Middleware\SubstituteBindings->handle(Object(Illuminate\Http\Request), Object(Closure))
#19 C:\Projects\laravel\recruitments\vendor\laravel\framework\src\Illuminate\Foundation\Http\Middleware\VerifyCsrfToken.php(78): Illuminate\Pipeline\Pipeline->Illuminate\Pipeline\{closure}(Object(Illuminate\Http\Request))
#20 C:\Projects\laravel\recruitments\vendor\laravel\framework\src\Illuminate\Pipeline\Pipeline.php(183): Illuminate\Foundation\Http\Middleware\VerifyCsrfToken->handle(Object(Illuminate\Http\Request), Object(Closure))
#21 C:\Projects\laravel\recruitments\vendor\laravel\framework\src\Illuminate\View\Middleware\ShareErrorsFromSession.php(49): Illuminate\Pipeline\Pipeline->Illuminate\Pipeline\{closure}(Object(Illuminate\Http\Request))
#22 C:\Projects\laravel\recruitments\vendor\laravel\framework\src\Illuminate\Pipeline\Pipeline.php(183): Illuminate\View\Middleware\ShareErrorsFromSession->handle(Object(Illuminate\Http\Request), Object(Closure))
#23 C:\Projects\laravel\recruitments\vendor\laravel\framework\src\Illuminate\Session\Middleware\StartSession.php(121): Illuminate\Pipeline\Pipeline->Illuminate\Pipeline\{closure}(Object(Illuminate\Http\Request))
#24 C:\Projects\laravel\recruitments\vendor\laravel\framework\src\Illuminate\Session\Middleware\StartSession.php(64): Illuminate\Session\Middleware\StartSession->handleStatefulRequest(Object(Illuminate\Http\Request), Object(Illuminate\Session\Store), Object(Closure))
#25 C:\Projects\laravel\recruitments\vendor\laravel\framework\src\Illuminate\Pipeline\Pipeline.php(183): Illuminate\Session\Middleware\StartSession->handle(Object(Illuminate\Http\Request), Object(Closure))
#26 C:\Projects\laravel\recruitments\vendor\laravel\framework\src\Illuminate\Cookie\Middleware\AddQueuedCookiesToResponse.php(37): Illuminate\Pipeline\Pipeline->Illuminate\Pipeline\{closure}(Object(Illuminate\Http\Request))
#27 C:\Projects\laravel\recruitments\vendor\laravel\framework\src\Illuminate\Pipeline\Pipeline.php(183): Illuminate\Cookie\Middleware\AddQueuedCookiesToResponse->handle(Object(Illuminate\Http\Request), Object(Closure))
#28 C:\Projects\laravel\recruitments\vendor\laravel\framework\src\Illuminate\Cookie\Middleware\EncryptCookies.php(67): Illuminate\Pipeline\Pipeline->Illuminate\Pipeline\{closure}(Object(Illuminate\Http\Request))
#29 C:\Projects\laravel\recruitments\vendor\laravel\framework\src\Illuminate\Pipeline\Pipeline.php(183): Illuminate\Cookie\Middleware\EncryptCookies->handle(Object(Illuminate\Http\Request), Object(Closure))
#30 C:\Projects\laravel\recruitments\vendor\laravel\framework\src\Illuminate\Pipeline\Pipeline.php(119): Illuminate\Pipeline\Pipeline->Illuminate\Pipeline\{closure}(Object(Illuminate\Http\Request))
#31 C:\Projects\laravel\recruitments\vendor\laravel\framework\src\Illuminate\Routing\Router.php(805): Illuminate\Pipeline\Pipeline->then(Object(Closure))
#32 C:\Projects\laravel\recruitments\vendor\laravel\framework\src\Illuminate\Routing\Router.php(784): Illuminate\Routing\Router->runRouteWithinStack(Object(Illuminate\Routing\Route), Object(Illuminate\Http\Request))
#33 C:\Projects\laravel\recruitments\vendor\laravel\framework\src\Illuminate\Routing\Router.php(748): Illuminate\Routing\Router->runRoute(Object(Illuminate\Http\Request), Object(Illuminate\Routing\Route))
#34 C:\Projects\laravel\recruitments\vendor\laravel\framework\src\Illuminate\Routing\Router.php(737): Illuminate\Routing\Router->dispatchToRoute(Object(Illuminate\Http\Request))
#35 C:\Projects\laravel\recruitments\vendor\laravel\framework\src\Illuminate\Foundation\Http\Kernel.php(200): Illuminate\Routing\Router->dispatch(Object(Illuminate\Http\Request))
#36 C:\Projects\laravel\recruitments\vendor\laravel\framework\src\Illuminate\Pipeline\Pipeline.php(144): Illuminate\Foundation\Http\Kernel->Illuminate\Foundation\Http\{closure}(Object(Illuminate\Http\Request))
#37 C:\Projects\laravel\recruitments\vendor\laravel\framework\src\Illuminate\Foundation\Http\Middleware\TransformsRequest.php(21): Illuminate\Pipeline\Pipeline->Illuminate\Pipeline\{closure}(Object(Illuminate\Http\Request))
#38 C:\Projects\laravel\recruitments\vendor\laravel\framework\src\Illuminate\Foundation\Http\Middleware\ConvertEmptyStringsToNull.php(31): Illuminate\Foundation\Http\Middleware\TransformsRequest->handle(Object(Illuminate\Http\Request), Object(Closure))
#39 C:\Projects\laravel\recruitments\vendor\laravel\framework\src\Illuminate\Pipeline\Pipeline.php(183): Illuminate\Foundation\Http\Middleware\ConvertEmptyStringsToNull->handle(Object(Illuminate\Http\Request), Object(Closure))
#40 C:\Projects\laravel\recruitments\vendor\laravel\framework\src\Illuminate\Foundation\Http\Middleware\TransformsRequest.php(21): Illuminate\Pipeline\Pipeline->Illuminate\Pipeline\{closure}(Object(Illuminate\Http\Request))
#41 C:\Projects\laravel\recruitments\vendor\laravel\framework\src\Illuminate\Foundation\Http\Middleware\TrimStrings.php(40): Illuminate\Foundation\Http\Middleware\TransformsRequest->handle(Object(Illuminate\Http\Request), Object(Closure))
#42 C:\Projects\laravel\recruitments\vendor\laravel\framework\src\Illuminate\Pipeline\Pipeline.php(183): Illuminate\Foundation\Http\Middleware\TrimStrings->handle(Object(Illuminate\Http\Request), Object(Closure))
#43 C:\Projects\laravel\recruitments\vendor\laravel\framework\src\Illuminate\Foundation\Http\Middleware\ValidatePostSize.php(27): Illuminate\Pipeline\Pipeline->Illuminate\Pipeline\{closure}(Object(Illuminate\Http\Request))
#44 C:\Projects\laravel\recruitments\vendor\laravel\framework\src\Illuminate\Pipeline\Pipeline.php(183): Illuminate\Foundation\Http\Middleware\ValidatePostSize->handle(Object(Illuminate\Http\Request), Object(Closure))
#45 C:\Projects\laravel\recruitments\vendor\laravel\framework\src\Illuminate\Foundation\Http\Middleware\PreventRequestsDuringMaintenance.php(99): Illuminate\Pipeline\Pipeline->Illuminate\Pipeline\{closure}(Object(Illuminate\Http\Request))
#46 C:\Projects\laravel\recruitments\vendor\laravel\framework\src\Illuminate\Pipeline\Pipeline.php(183): Illuminate\Foundation\Http\Middleware\PreventRequestsDuringMaintenance->handle(Object(Illuminate\Http\Request), Object(Closure))
#47 C:\Projects\laravel\recruitments\vendor\laravel\framework\src\Illuminate\Http\Middleware\HandleCors.php(49): Illuminate\Pipeline\Pipeline->Illuminate\Pipeline\{closure}(Object(Illuminate\Http\Request))
#48 C:\Projects\laravel\recruitments\vendor\laravel\framework\src\Illuminate\Pipeline\Pipeline.php(183): Illuminate\Http\Middleware\HandleCors->handle(Object(Illuminate\Http\Request), Object(Closure))
#49 C:\Projects\laravel\recruitments\vendor\laravel\framework\src\Illuminate\Http\Middleware\TrustProxies.php(39): Illuminate\Pipeline\Pipeline->Illuminate\Pipeline\{closure}(Object(Illuminate\Http\Request))
#50 C:\Projects\laravel\recruitments\vendor\laravel\framework\src\Illuminate\Pipeline\Pipeline.php(183): Illuminate\Http\Middleware\TrustProxies->handle(Object(Illuminate\Http\Request), Object(Closure))
#51 C:\Projects\laravel\recruitments\vendor\laravel\framework\src\Illuminate\Pipeline\Pipeline.php(119): Illuminate\Pipeline\Pipeline->Illuminate\Pipeline\{closure}(Object(Illuminate\Http\Request))
#52 C:\Projects\laravel\recruitments\vendor\laravel\framework\src\Illuminate\Foundation\Http\Kernel.php(175): Illuminate\Pipeline\Pipeline->then(Object(Closure))
#53 C:\Projects\laravel\recruitments\vendor\laravel\framework\src\Illuminate\Foundation\Http\Kernel.php(144): Illuminate\Foundation\Http\Kernel->sendRequestThroughRouter(Object(Illuminate\Http\Request))
#54 C:\Projects\laravel\recruitments\vendor\laravel\framework\src\Illuminate\Foundation\Testing\Concerns\MakesHttpRequests.php(585): Illuminate\Foundation\Http\Kernel->handle(Object(Illuminate\Http\Request))
#55 C:\Projects\laravel\recruitments\vendor\laravel\framework\src\Illuminate\Foundation\Testing\Concerns\MakesHttpRequests.php(346): Illuminate\Foundation\Testing\TestCase->call('GET', '/', Array, Array, Array, Array)
#56 C:\Projects\laravel\recruitments\tests\Feature\ExampleTest.php(15): Illuminate\Foundation\Testing\TestCase->get('/')
#57 C:\Projects\laravel\recruitments\vendor\phpunit\phpunit\src\Framework\TestCase.php(1122): Tests\Feature\ExampleTest->test_the_application_returns_a_successful_response()
#58 C:\Projects\laravel\recruitments\vendor\laravel\framework\src\Illuminate\Foundation\Testing\TestCase.php(61): PHPUnit\Framework\TestCase->runTest()
#59 C:\Projects\laravel\recruitments\vendor\phpunit\phpunit\src\Framework\TestCase.php(654): Illuminate\Foundation\Testing\TestCase->runTest()
#60 C:\Projects\laravel\recruitments\vendor\phpunit\phpunit\src\Framework\TestRunner.php(104): PHPUnit\Framework\TestCase->runBare()
#61 C:\Projects\laravel\recruitments\vendor\phpunit\phpunit\src\Framework\TestCase.php(488): PHPUnit\Framework\TestRunner->run(Object(Tests\Feature\ExampleTest))
#62 C:\Projects\laravel\recruitments\vendor\phpunit\phpunit\src\Framework\TestSuite.php(340): PHPUnit\Framework\TestCase->run()
#63 C:\Projects\laravel\recruitments\vendor\phpunit\phpunit\src\Framework\TestSuite.php(340): PHPUnit\Framework\TestSuite->run()
#64 C:\Projects\laravel\recruitments\vendor\phpunit\phpunit\src\Framework\TestSuite.php(340): PHPUnit\Framework\TestSuite->run()
#65 C:\Projects\laravel\recruitments\vendor\phpunit\phpunit\src\TextUI\TestRunner.php(63): PHPUnit\Framework\TestSuite->run()
#66 C:\Projects\laravel\recruitments\vendor\phpunit\phpunit\src\TextUI\Application.php(198): PHPUnit\TextUI\TestRunner->run(Object(PHPUnit\TextUI\Configuration\Configuration), Object(PHPUnit\Runner\ResultCache\DefaultResultCache), Object(PHPUnit\Framework\TestSuite))
#67 C:\Projects\laravel\recruitments\vendor\phpunit\phpunit\phpunit(104): PHPUnit\TextUI\Application->run(Array)
#68 C:\Projects\laravel\recruitments\vendor\bin\phpunit(122): include('C:\\Projects\\lar...')
#69 {main}

Next Illuminate\Database\QueryException: SQLSTATE[HY000]: General error: 1 no such table: ptkforms (Connection: sqlite, SQL: select * from "ptkforms" where "status" = 1 and strftime('%Y-%m-%d', "date_open_vacancy") <= cast(2026-02-25 00:00 as text) and strftime('%Y-%m-%d', "date_closed_vacancy") >= cast(2026-02-25 23:59 as text)) in C:\Projects\laravel\recruitments\vendor\laravel\framework\src\Illuminate\Database\Connection.php:829
Stack trace:
#0 C:\Projects\laravel\recruitments\vendor\laravel\framework\src\Illuminate\Database\Connection.php(783): Illuminate\Database\Connection->runQueryCallback('select * from "...', Array, Object(Closure))
#1 C:\Projects\laravel\recruitments\vendor\laravel\framework\src\Illuminate\Database\Connection.php(414): Illuminate\Database\Connection->run('select * from "...', Array, Object(Closure))
#2 C:\Projects\laravel\recruitments\vendor\laravel\framework\src\Illuminate\Database\Query\Builder.php(2751): Illuminate\Database\Connection->select('select * from "...', Array, true)
#3 C:\Projects\laravel\recruitments\vendor\laravel\framework\src\Illuminate\Database\Query\Builder.php(2740): Illuminate\Database\Query\Builder->runSelect()
#4 C:\Projects\laravel\recruitments\vendor\laravel\framework\src\Illuminate\Database\Query\Builder.php(3294): Illuminate\Database\Query\Builder->Illuminate\Database\Query\{closure}()
#5 C:\Projects\laravel\recruitments\vendor\laravel\framework\src\Illuminate\Database\Query\Builder.php(2739): Illuminate\Database\Query\Builder->onceWithColumns(Array, Object(Closure))
#6 C:\Projects\laravel\recruitments\vendor\laravel\framework\src\Illuminate\Database\Eloquent\Builder.php(738): Illuminate\Database\Query\Builder->get(Array)
#7 C:\Projects\laravel\recruitments\vendor\laravel\framework\src\Illuminate\Database\Eloquent\Builder.php(722): Illuminate\Database\Eloquent\Builder->getModels(Array)
#8 C:\Projects\laravel\recruitments\app\Http\Controllers\MainController.php(26): Illuminate\Database\Eloquent\Builder->get()
#9 C:\Projects\laravel\recruitments\vendor\laravel\framework\src\Illuminate\Routing\Controller.php(54): App\Http\Controllers\MainController->index()
#10 C:\Projects\laravel\recruitments\vendor\laravel\framework\src\Illuminate\Routing\ControllerDispatcher.php(43): Illuminate\Routing\Controller->callAction('index', Array)
#11 C:\Projects\laravel\recruitments\vendor\laravel\framework\src\Illuminate\Routing\Route.php(259): Illuminate\Routing\ControllerDispatcher->dispatch(Object(Illuminate\Routing\Route), Object(App\Http\Controllers\MainController), 'index')
#12 C:\Projects\laravel\recruitments\vendor\laravel\framework\src\Illuminate\Routing\Route.php(205): Illuminate\Routing\Route->runController()
#13 C:\Projects\laravel\recruitments\vendor\laravel\framework\src\Illuminate\Routing\Router.php(806): Illuminate\Routing\Route->run()
#14 C:\Projects\laravel\recruitments\vendor\laravel\framework\src\Illuminate\Pipeline\Pipeline.php(144): Illuminate\Routing\Router->Illuminate\Routing\{closure}(Object(Illuminate\Http\Request))
#15 C:\Projects\laravel\recruitments\vendor\laravel\framework\src\Illuminate\Routing\Middleware\SubstituteBindings.php(50): Illuminate\Pipeline\Pipeline->Illuminate\Pipeline\{closure}(Object(Illuminate\Http\Request))
#16 C:\Projects\laravel\recruitments\vendor\laravel\framework\src\Illuminate\Pipeline\Pipeline.php(183): Illuminate\Routing\Middleware\SubstituteBindings->handle(Object(Illuminate\Http\Request), Object(Closure))
#17 C:\Projects\laravel\recruitments\vendor\laravel\framework\src\Illuminate\Foundation\Http\Middleware\VerifyCsrfToken.php(78): Illuminate\Pipeline\Pipeline->Illuminate\Pipeline\{closure}(Object(Illuminate\Http\Request))
#18 C:\Projects\laravel\recruitments\vendor\laravel\framework\src\Illuminate\Pipeline\Pipeline.php(183): Illuminate\Foundation\Http\Middleware\VerifyCsrfToken->handle(Object(Illuminate\Http\Request), Object(Closure))
#19 C:\Projects\laravel\recruitments\vendor\laravel\framework\src\Illuminate\View\Middleware\ShareErrorsFromSession.php(49): Illuminate\Pipeline\Pipeline->Illuminate\Pipeline\{closure}(Object(Illuminate\Http\Request))
#20 C:\Projects\laravel\recruitments\vendor\laravel\framework\src\Illuminate\Pipeline\Pipeline.php(183): Illuminate\View\Middleware\ShareErrorsFromSession->handle(Object(Illuminate\Http\Request), Object(Closure))
#21 C:\Projects\laravel\recruitments\vendor\laravel\framework\src\Illuminate\Session\Middleware\StartSession.php(121): Illuminate\Pipeline\Pipeline->Illuminate\Pipeline\{closure}(Object(Illuminate\Http\Request))
#22 C:\Projects\laravel\recruitments\vendor\laravel\framework\src\Illuminate\Session\Middleware\StartSession.php(64): Illuminate\Session\Middleware\StartSession->handleStatefulRequest(Object(Illuminate\Http\Request), Object(Illuminate\Session\Store), Object(Closure))
#23 C:\Projects\laravel\recruitments\vendor\laravel\framework\src\Illuminate\Pipeline\Pipeline.php(183): Illuminate\Session\Middleware\StartSession->handle(Object(Illuminate\Http\Request), Object(Closure))
#24 C:\Projects\laravel\recruitments\vendor\laravel\framework\src\Illuminate\Cookie\Middleware\AddQueuedCookiesToResponse.php(37): Illuminate\Pipeline\Pipeline->Illuminate\Pipeline\{closure}(Object(Illuminate\Http\Request))
#25 C:\Projects\laravel\recruitments\vendor\laravel\framework\src\Illuminate\Pipeline\Pipeline.php(183): Illuminate\Cookie\Middleware\AddQueuedCookiesToResponse->handle(Object(Illuminate\Http\Request), Object(Closure))
#26 C:\Projects\laravel\recruitments\vendor\laravel\framework\src\Illuminate\Cookie\Middleware\EncryptCookies.php(67): Illuminate\Pipeline\Pipeline->Illuminate\Pipeline\{closure}(Object(Illuminate\Http\Request))
#27 C:\Projects\laravel\recruitments\vendor\laravel\framework\src\Illuminate\Pipeline\Pipeline.php(183): Illuminate\Cookie\Middleware\EncryptCookies->handle(Object(Illuminate\Http\Request), Object(Closure))
#28 C:\Projects\laravel\recruitments\vendor\laravel\framework\src\Illuminate\Pipeline\Pipeline.php(119): Illuminate\Pipeline\Pipeline->Illuminate\Pipeline\{closure}(Object(Illuminate\Http\Request))
#29 C:\Projects\laravel\recruitments\vendor\laravel\framework\src\Illuminate\Routing\Router.php(805): Illuminate\Pipeline\Pipeline->then(Object(Closure))
#30 C:\Projects\laravel\recruitments\vendor\laravel\framework\src\Illuminate\Routing\Router.php(784): Illuminate\Routing\Router->runRouteWithinStack(Object(Illuminate\Routing\Route), Object(Illuminate\Http\Request))
#31 C:\Projects\laravel\recruitments\vendor\laravel\framework\src\Illuminate\Routing\Router.php(748): Illuminate\Routing\Router->runRoute(Object(Illuminate\Http\Request), Object(Illuminate\Routing\Route))
#32 C:\Projects\laravel\recruitments\vendor\laravel\framework\src\Illuminate\Routing\Router.php(737): Illuminate\Routing\Router->dispatchToRoute(Object(Illuminate\Http\Request))
#33 C:\Projects\laravel\recruitments\vendor\laravel\framework\src\Illuminate\Foundation\Http\Kernel.php(200): Illuminate\Routing\Router->dispatch(Object(Illuminate\Http\Request))
#34 C:\Projects\laravel\recruitments\vendor\laravel\framework\src\Illuminate\Pipeline\Pipeline.php(144): Illuminate\Foundation\Http\Kernel->Illuminate\Foundation\Http\{closure}(Object(Illuminate\Http\Request))
#35 C:\Projects\laravel\recruitments\vendor\laravel\framework\src\Illuminate\Foundation\Http\Middleware\TransformsRequest.php(21): Illuminate\Pipeline\Pipeline->Illuminate\Pipeline\{closure}(Object(Illuminate\Http\Request))
#36 C:\Projects\laravel\recruitments\vendor\laravel\framework\src\Illuminate\Foundation\Http\Middleware\ConvertEmptyStringsToNull.php(31): Illuminate\Foundation\Http\Middleware\TransformsRequest->handle(Object(Illuminate\Http\Request), Object(Closure))
#37 C:\Projects\laravel\recruitments\vendor\laravel\framework\src\Illuminate\Pipeline\Pipeline.php(183): Illuminate\Foundation\Http\Middleware\ConvertEmptyStringsToNull->handle(Object(Illuminate\Http\Request), Object(Closure))
#38 C:\Projects\laravel\recruitments\vendor\laravel\framework\src\Illuminate\Foundation\Http\Middleware\TransformsRequest.php(21): Illuminate\Pipeline\Pipeline->Illuminate\Pipeline\{closure}(Object(Illuminate\Http\Request))
#39 C:\Projects\laravel\recruitments\vendor\laravel\framework\src\Illuminate\Foundation\Http\Middleware\TrimStrings.php(40): Illuminate\Foundation\Http\Middleware\TransformsRequest->handle(Object(Illuminate\Http\Request), Object(Closure))
#40 C:\Projects\laravel\recruitments\vendor\laravel\framework\src\Illuminate\Pipeline\Pipeline.php(183): Illuminate\Foundation\Http\Middleware\TrimStrings->handle(Object(Illuminate\Http\Request), Object(Closure))
#41 C:\Projects\laravel\recruitments\vendor\laravel\framework\src\Illuminate\Foundation\Http\Middleware\ValidatePostSize.php(27): Illuminate\Pipeline\Pipeline->Illuminate\Pipeline\{closure}(Object(Illuminate\Http\Request))
#42 C:\Projects\laravel\recruitments\vendor\laravel\framework\src\Illuminate\Pipeline\Pipeline.php(183): Illuminate\Foundation\Http\Middleware\ValidatePostSize->handle(Object(Illuminate\Http\Request), Object(Closure))
#43 C:\Projects\laravel\recruitments\vendor\laravel\framework\src\Illuminate\Foundation\Http\Middleware\PreventRequestsDuringMaintenance.php(99): Illuminate\Pipeline\Pipeline->Illuminate\Pipeline\{closure}(Object(Illuminate\Http\Request))
#44 C:\Projects\laravel\recruitments\vendor\laravel\framework\src\Illuminate\Pipeline\Pipeline.php(183): Illuminate\Foundation\Http\Middleware\PreventRequestsDuringMaintenance->handle(Object(Illuminate\Http\Request), Object(Closure))
#45 C:\Projects\laravel\recruitments\vendor\laravel\framework\src\Illuminate\Http\Middleware\HandleCors.php(49): Illuminate\Pipeline\Pipeline->Illuminate\Pipeline\{closure}(Object(Illuminate\Http\Request))
#46 C:\Projects\laravel\recruitments\vendor\laravel\framework\src\Illuminate\Pipeline\Pipeline.php(183): Illuminate\Http\Middleware\HandleCors->handle(Object(Illuminate\Http\Request), Object(Closure))
#47 C:\Projects\laravel\recruitments\vendor\laravel\framework\src\Illuminate\Http\Middleware\TrustProxies.php(39): Illuminate\Pipeline\Pipeline->Illuminate\Pipeline\{closure}(Object(Illuminate\Http\Request))
#48 C:\Projects\laravel\recruitments\vendor\laravel\framework\src\Illuminate\Pipeline\Pipeline.php(183): Illuminate\Http\Middleware\TrustProxies->handle(Object(Illuminate\Http\Request), Object(Closure))
#49 C:\Projects\laravel\recruitments\vendor\laravel\framework\src\Illuminate\Pipeline\Pipeline.php(119): Illuminate\Pipeline\Pipeline->Illuminate\Pipeline\{closure}(Object(Illuminate\Http\Request))
#50 C:\Projects\laravel\recruitments\vendor\laravel\framework\src\Illuminate\Foundation\Http\Kernel.php(175): Illuminate\Pipeline\Pipeline->then(Object(Closure))
#51 C:\Projects\laravel\recruitments\vendor\laravel\framework\src\Illuminate\Foundation\Http\Kernel.php(144): Illuminate\Foundation\Http\Kernel->sendRequestThroughRouter(Object(Illuminate\Http\Request))
#52 C:\Projects\laravel\recruitments\vendor\laravel\framework\src\Illuminate\Foundation\Testing\Concerns\MakesHttpRequests.php(585): Illuminate\Foundation\Http\Kernel->handle(Object(Illuminate\Http\Request))
#53 C:\Projects\laravel\recruitments\vendor\laravel\framework\src\Illuminate\Foundation\Testing\Concerns\MakesHttpRequests.php(346): Illuminate\Foundation\Testing\TestCase->call('GET', '/', Array, Array, Array, Array)
#54 C:\Projects\laravel\recruitments\tests\Feature\ExampleTest.php(15): Illuminate\Foundation\Testing\TestCase->get('/')
#55 C:\Projects\laravel\recruitments\vendor\phpunit\phpunit\src\Framework\TestCase.php(1122): Tests\Feature\ExampleTest->test_the_application_returns_a_successful_response()
#56 C:\Projects\laravel\recruitments\vendor\laravel\framework\src\Illuminate\Foundation\Testing\TestCase.php(61): PHPUnit\Framework\TestCase->runTest()
#57 C:\Projects\laravel\recruitments\vendor\phpunit\phpunit\src\Framework\TestCase.php(654): Illuminate\Foundation\Testing\TestCase->runTest()
#58 C:\Projects\laravel\recruitments\vendor\phpunit\phpunit\src\Framework\TestRunner.php(104): PHPUnit\Framework\TestCase->runBare()
#59 C:\Projects\laravel\recruitments\vendor\phpunit\phpunit\src\Framework\TestCase.php(488): PHPUnit\Framework\TestRunner->run(Object(Tests\Feature\ExampleTest))
#60 C:\Projects\laravel\recruitments\vendor\phpunit\phpunit\src\Framework\TestSuite.php(340): PHPUnit\Framework\TestCase->run()
#61 C:\Projects\laravel\recruitments\vendor\phpunit\phpunit\src\Framework\TestSuite.php(340): PHPUnit\Framework\TestSuite->run()
#62 C:\Projects\laravel\recruitments\vendor\phpunit\phpunit\src\Framework\TestSuite.php(340): PHPUnit\Framework\TestSuite->run()
#63 C:\Projects\laravel\recruitments\vendor\phpunit\phpunit\src\TextUI\TestRunner.php(63): PHPUnit\Framework\TestSuite->run()
#64 C:\Projects\laravel\recruitments\vendor\phpunit\phpunit\src\TextUI\Application.php(198): PHPUnit\TextUI\TestRunner->run(Object(PHPUnit\TextUI\Configuration\Configuration), Object(PHPUnit\Runner\ResultCache\DefaultResultCache), Object(PHPUnit\Framework\TestSuite))
#65 C:\Projects\laravel\recruitments\vendor\phpunit\phpunit\phpunit(104): PHPUnit\TextUI\Application->run(Array)
#66 C:\Projects\laravel\recruitments\vendor\bin\phpunit(122): include('C:\\Projects\\lar...')
#67 {main}

----------------------------------------------------------------------------------

SQLSTATE[HY000]: General error: 1 no such table: ptkforms (Connection: sqlite, SQL: select * from "ptkforms" where "status" = 1 and strftime('%Y-%m-%d', "date_open_vacancy") <= cast(2026-02-25 00:00 as text) and strftime('%Y-%m-%d', "date_closed_vacancy") >= cast(2026-02-25 23:59 as text))

C:\Projects\laravel\recruitments\vendor\laravel\framework\src\Illuminate\Testing\TestResponse.php:148
C:\Projects\laravel\recruitments\tests\Feature\ExampleTest.php:17
C:\Projects\laravel\recruitments\vendor\laravel\framework\src\Illuminate\Foundation\Testing\TestCase.php:61

ERRORS!
Tests: 8, Assertions: 16, Errors: 2, Failures: 2.
